// Jest Snapshot v1, https://goo.gl/fbAQLP

exports[`Present should render correctly 1`] = `ShallowWrapper {}`;

exports[`Presents should render correctly 1`] = `ShallowWrapper {}`;
